[15:08:57] [0:00:00] [CPU: 0.0% | RAM: 12.8/31.0GB | GPU: 0.00/0.00GB] [INFO] ExperimentLogger initialized: cem_golay
[15:08:57] [0:00:00] [CPU: 0.0% | RAM: 12.8/31.0GB | GPU: 0.00/0.00GB] [INFO] ================================================================================
[15:08:57] [0:00:00] [CPU: 0.0% | RAM: 12.8/31.0GB | GPU: 0.00/0.00GB] [INFO] Experiment: cem_golay
[15:08:57] [0:00:00] [CPU: 0.0% | RAM: 12.8/31.0GB | GPU: 0.00/0.00GB] [INFO] ================================================================================
[15:08:57] [0:00:00] [CPU: 0.0% | RAM: 12.8/31.0GB | GPU: 0.00/0.00GB] [INFO] Configuration:
[15:08:57] [0:00:00] [CPU: 0.0% | RAM: 12.8/31.0GB | GPU: 0.00/0.00GB] [INFO]   block_size: 256
[15:08:57] [0:00:00] [CPU: 0.0% | RAM: 12.8/31.0GB | GPU: 0.00/0.00GB] [INFO]   method_dist: naive
[15:08:57] [0:00:00] [CPU: 0.0% | RAM: 12.8/31.0GB | GPU: 0.00/0.00GB] [INFO]   num_blocks: 4
[15:08:57] [0:00:00] [CPU: 0.0% | RAM: 12.8/31.0GB | GPU: 0.00/0.00GB] [INFO]   num_epochs: 5
[15:08:57] [0:00:00] [CPU: 0.0% | RAM: 12.8/31.0GB | GPU: 0.00/0.00GB] [INFO]   num_samples: 1000
[15:08:57] [0:00:00] [CPU: 0.0% | RAM: 12.8/31.0GB | GPU: 0.00/0.00GB] [INFO]   ratio: 0.5
[15:08:57] [0:00:00] [CPU: 0.0% | RAM: 12.8/31.0GB | GPU: 0.00/0.00GB] [INFO] ================================================================================
[15:08:57] [0:00:00] [CPU: 0.0% | RAM: 12.8/31.0GB | GPU: 0.00/0.00GB] [INFO] Epoch 000001: accuracy: 0.550000 | loss: 0.450000 | val_loss: 0.510000 | Samples: 1,000 | Time: 0.100s | Throughput: 9978 seq/s
[15:08:57] [0:00:00] [CPU: 0.0% | RAM: 12.8/31.0GB | GPU: 0.00/0.00GB] [INFO] Epoch 000002: accuracy: 0.600000 | loss: 0.400000 | val_loss: 0.470000 | Samples: 1,000 | Time: 0.100s | Throughput: 9989 seq/s
[15:08:57] [0:00:00] [CPU: 0.0% | RAM: 12.8/31.0GB | GPU: 0.00/0.00GB] [INFO] Checkpoint saved (epoch 2): model_epoch_2.pt | best_accuracy: 0.600000 | best_loss: 0.400000
[15:08:57] [0:00:00] [CPU: 0.0% | RAM: 12.8/31.0GB | GPU: 0.00/0.00GB] [INFO] Epoch 000003: accuracy: 0.650000 | loss: 0.350000 | val_loss: 0.430000 | Samples: 1,000 | Time: 0.100s | Throughput: 9989 seq/s
[15:08:57] [0:00:00] [CPU: 0.0% | RAM: 12.8/31.0GB | GPU: 0.00/0.00GB] [INFO] Epoch 000004: accuracy: 0.700000 | loss: 0.300000 | val_loss: 0.390000 | Samples: 1,000 | Time: 0.100s | Throughput: 9978 seq/s
[15:08:57] [0:00:00] [CPU: 0.0% | RAM: 12.8/31.0GB | GPU: 0.00/0.00GB] [INFO] Checkpoint saved (epoch 4): model_epoch_4.pt | best_accuracy: 0.700000 | best_loss: 0.300000
[15:08:58] [0:00:01] [CPU: 1.9% | RAM: 12.9/31.0GB | GPU: 0.00/0.00GB] [INFO] Epoch 000005: accuracy: 0.750000 | loss: 0.250000 | val_loss: 0.350000 | Samples: 1,000 | Time: 0.100s | Throughput: 9974 seq/s
[15:08:58] [0:00:01] [CPU: 1.9% | RAM: 12.9/31.0GB | GPU: 0.00/0.00GB] [INFO] ================================================================================
[15:08:58] [0:00:01] [CPU: 1.9% | RAM: 12.9/31.0GB | GPU: 0.00/0.00GB] [INFO] Experiment Summary
[15:08:58] [0:00:01] [CPU: 1.9% | RAM: 12.9/31.0GB | GPU: 0.00/0.00GB] [INFO] ================================================================================
[15:08:58] [0:00:01] [CPU: 1.9% | RAM: 12.9/31.0GB | GPU: 0.00/0.00GB] [INFO] Total epochs: 5
[15:08:58] [0:00:01] [CPU: 1.9% | RAM: 12.9/31.0GB | GPU: 0.00/0.00GB] [INFO] Total samples: 5,000
[15:08:58] [0:00:01] [CPU: 1.9% | RAM: 12.9/31.0GB | GPU: 0.00/0.00GB] [INFO] Total time: 0:00:01
[15:08:58] [0:00:01] [CPU: 1.9% | RAM: 12.9/31.0GB | GPU: 0.00/0.00GB] [INFO] Average time/epoch: 0.209s
[15:08:58] [0:00:01] [CPU: 1.9% | RAM: 12.9/31.0GB | GPU: 0.00/0.00GB] [INFO] Best throughput: 9989 seq/s (epoch 3)
[15:08:58] [0:00:01] [CPU: 1.9% | RAM: 12.9/31.0GB | GPU: 0.00/0.00GB] [INFO] ================================================================================
